[1, 2, 3, 4, 5, 6, 7, 8, 9]
[1, 3, 5, 7, 9]
[10, 8, 6, 4, 2]
[10, 9.5, 9, 8.5, 8, 7.5, 7, 6.5, 6, 5.5, 5, 4.5, 4, 3.5, 3, 2.5, 2, 1.5, 1, 0.5]