['Hello', 2.0]
Hello
2
Hello2
['Hello', 2.0, 'World']
Hello!
['YOU', 2.0, 'World']
['Hello', 2.0]