1 One 1
5 Five 5
9 Nine 9
3 Three 3
5 Five 5
7 Seven 7
2 Two 2
4 Four 4
5 Five 5
1 One 1
9 Nine 9
2 Two 2
4 Four 4
10
9