2
5
20
2
hello
helloWorld
helloWorld3
[]
[1]
[1, TWO]