[1, 4, 2, 9, 4, 5, 2, 8, 0, 8, 4, 2, 4, 5, 2, 1, 4, 3, 5, 8, 7]
[0, 1, 1, 2, 2, 2, 2, 3, 4, 4, 4, 4, 4, 5, 5, 5, 7, 8, 8, 8, 9]
[0, 1, 1, 2, 2, 2, 2, 3, 4, 4, 4, 4, 4, 5, 5, 5, 7, 8, 8, 8, 9]
[0, 1, 1, 2, 2, 2, 2, 3, 4, 4, 4, 4, 4, 5, 5, 5, 7, 8, 8, 8, 9]